============================================================
OCEL Pharma Manufacturing Generator
============================================================

Creating static objects...
  - ProductionLines: 11
  - Equipment: 31
  - MaterialLots: 25000
  - MarketOrders: 10000

Generating batches and events...
Generated 100/10000 batches...
Generated 200/10000 batches...
Generated 300/10000 batches...
Generated 400/10000 batches...
Generated 500/10000 batches...
Generated 600/10000 batches...
Generated 700/10000 batches...
Generated 800/10000 batches...
Generated 900/10000 batches...
Generated 1000/10000 batches...
Generated 1100/10000 batches...
Generated 1200/10000 batches...
Generated 1300/10000 batches...
Generated 1400/10000 batches...
Generated 1500/10000 batches...
Generated 1600/10000 batches...
Generated 1700/10000 batches...
Generated 1800/10000 batches...
Generated 1900/10000 batches...
Generated 2000/10000 batches...
Generated 2100/10000 batches...
Generated 2200/10000 batches...
Generated 2300/10000 batches...
Generated 2400/10000 batches...
Generated 2500/10000 batches...
Generated 2600/10000 batches...
Generated 2700/10000 batches...
Generated 2800/10000 batches...
Generated 2900/10000 batches...
Generated 3000/10000 batches...
Generated 3100/10000 batches...
Generated 3200/10000 batches...
Generated 3300/10000 batches...
Generated 3400/10000 batches...
Generated 3500/10000 batches...
Generated 3600/10000 batches...
Generated 3700/10000 batches...
Generated 3800/10000 batches...
Generated 3900/10000 batches...
Generated 4000/10000 batches...
Generated 4100/10000 batches...
Generated 4200/10000 batches...
Generated 4300/10000 batches...
Generated 4400/10000 batches...
Generated 4500/10000 batches...
Generated 4600/10000 batches...
Generated 4700/10000 batches...
Generated 4800/10000 batches...
Generated 4900/10000 batches...
Generated 5000/10000 batches...
Generated 5100/10000 batches...
Generated 5200/10000 batches...
Generated 5300/10000 batches...
Generated 5400/10000 batches...
Generated 5500/10000 batches...
Generated 5600/10000 batches...
Generated 5700/10000 batches...
Generated 5800/10000 batches...
Generated 5900/10000 batches...
Generated 6000/10000 batches...
Generated 6100/10000 batches...
Generated 6200/10000 batches...
Generated 6300/10000 batches...
Generated 6400/10000 batches...
Generated 6500/10000 batches...
Generated 6600/10000 batches...
Generated 6700/10000 batches...
Generated 6800/10000 batches...
Generated 6900/10000 batches...
Generated 7000/10000 batches...
Generated 7100/10000 batches...
Generated 7200/10000 batches...
Generated 7300/10000 batches...
Generated 7400/10000 batches...
Generated 7500/10000 batches...
Generated 7600/10000 batches...
Generated 7700/10000 batches...
Generated 7800/10000 batches...
Generated 7900/10000 batches...
Generated 8000/10000 batches...
Generated 8100/10000 batches...
Generated 8200/10000 batches...
Generated 8300/10000 batches...
Generated 8400/10000 batches...
Generated 8500/10000 batches...
Generated 8600/10000 batches...
Generated 8700/10000 batches...
Generated 8800/10000 batches...
Generated 8900/10000 batches...
Generated 9000/10000 batches...
Generated 9100/10000 batches...
Generated 9200/10000 batches...
Generated 9300/10000 batches...
Generated 9400/10000 batches...
Generated 9500/10000 batches...
Generated 9600/10000 batches...
Generated 9700/10000 batches...
Generated 9800/10000 batches...
Generated 9900/10000 batches...
Generated 10000/10000 batches...
Generated 10000 batches

=== DATASET STATISTICS ===

Object Counts:
  Batch: 10000
  Deviation: 1637
  Equipment: 31
  MarketOrder: 10000
  MaterialLot: 25000
  ProductionLine: 11
  QCSample: 10405

Total Objects: 57084
Total Events: 148394
Total Event-Object Links: 381942

Events by Area:
  Maintenance: 565
  Packaging: 21235
  Planning: 20500
  Production: 58336
  QA: 17070
  QC_Lab: 20405
  Warehouse: 10283


=== INTEGRITY VALIDATION ===

1. Checking Start/End pairing...
2. Checking cancellation constraint...
3. Checking QC decision constraint...
4. Checking QC sample linkage...
5. Checking deviation lifecycle...
6. Checking for orphan objects...
7. Checking for orphan events...

✓ All integrity constraints PASSED

Writing CSV files...
  - ocel_events.csv
  - ocel_objects.csv
  - ocel_event_objects.csv
  - ocel_object_attributes.csv

Generating case-centric projection for 10000 batches...
Writing case-centric projection files...
  - case_centric_events.csv
  - case_centric_attributes.csv

============================================================
Generation Complete!
============================================================
